
> web@0.0.1 test
> vitest run


 RUN  v1.6.1 /home/espen/proj/Codex-Arcana/apps/web


⎯⎯⎯⎯⎯⎯ Unhandled Errors ⎯⎯⎯⎯⎯⎯

Vitest caught 5 unhandled errors during the test run.
This might cause false positive tests. Resolve unhandled errors to make sure your tests are not affected.

⎯⎯⎯⎯⎯⎯ Unhandled Error ⎯⎯⎯⎯⎯⎯⎯
TypeError: Cannot read properties of undefined (reading 'config')
 ❯ LoadPluginContext.handler node_modules/@sveltejs/vite-plugin-svelte/src/plugins/load-custom.js:24:37
 ❯ PluginContainer.load ../../node_modules/vite/dist/node/chunks/dep-BK3b2jBa.js:49067:17
 ❯ loadAndTransform ../../node_modules/vite/dist/node/chunks/dep-BK3b2jBa.js:51918:44
 ❯ doTransform ../../node_modules/vite/dist/node/chunks/dep-BK3b2jBa.js:51874:18
 ❯ ViteNodeServer._transformRequest ../../node_modules/vite-node/dist/server.mjs:430:16
 ❯ ViteNodeServer._fetchModule ../../node_modules/vite-node/dist/server.mjs:391:17
 ❯ Proxy.fetch ../../node_modules/vitest/dist/vendor/cli-api.OdDWuB7Y.js:7937:22
 ❯ MessagePort.<anonymous> ../../node_modules/vitest/dist/vendor/index.8bPxjt7g.js:65:20


⎯⎯⎯⎯⎯⎯ Unhandled Error ⎯⎯⎯⎯⎯⎯⎯
TypeError: Cannot read properties of undefined (reading 'config')
 ❯ LoadPluginContext.handler node_modules/@sveltejs/vite-plugin-svelte/src/plugins/load-custom.js:24:37
 ❯ PluginContainer.load ../../node_modules/vite/dist/node/chunks/dep-BK3b2jBa.js:49067:17
 ❯ loadAndTransform ../../node_modules/vite/dist/node/chunks/dep-BK3b2jBa.js:51918:44
 ❯ doTransform ../../node_modules/vite/dist/node/chunks/dep-BK3b2jBa.js:51874:18
 ❯ ViteNodeServer._transformRequest ../../node_modules/vite-node/dist/server.mjs:430:16
 ❯ ViteNodeServer._fetchModule ../../node_modules/vite-node/dist/server.mjs:391:17
 ❯ Proxy.fetch ../../node_modules/vitest/dist/vendor/cli-api.OdDWuB7Y.js:7937:22
 ❯ MessagePort.<anonymous> ../../node_modules/vitest/dist/vendor/index.8bPxjt7g.js:65:20


⎯⎯⎯⎯⎯⎯ Unhandled Error ⎯⎯⎯⎯⎯⎯⎯
TypeError: Cannot read properties of undefined (reading 'config')
 ❯ LoadPluginContext.handler node_modules/@sveltejs/vite-plugin-svelte/src/plugins/load-custom.js:24:37
 ❯ PluginContainer.load ../../node_modules/vite/dist/node/chunks/dep-BK3b2jBa.js:49067:17
 ❯ loadAndTransform ../../node_modules/vite/dist/node/chunks/dep-BK3b2jBa.js:51918:44
 ❯ doTransform ../../node_modules/vite/dist/node/chunks/dep-BK3b2jBa.js:51874:18
 ❯ ViteNodeServer._transformRequest ../../node_modules/vite-node/dist/server.mjs:430:16
 ❯ ViteNodeServer._fetchModule ../../node_modules/vite-node/dist/server.mjs:391:17
 ❯ Proxy.fetch ../../node_modules/vitest/dist/vendor/cli-api.OdDWuB7Y.js:7937:22
 ❯ MessagePort.<anonymous> ../../node_modules/vitest/dist/vendor/index.8bPxjt7g.js:65:20


⎯⎯⎯⎯⎯⎯ Unhandled Error ⎯⎯⎯⎯⎯⎯⎯
TypeError: Cannot read properties of undefined (reading 'config')
 ❯ LoadPluginContext.handler node_modules/@sveltejs/vite-plugin-svelte/src/plugins/load-custom.js:24:37
 ❯ PluginContainer.load ../../node_modules/vite/dist/node/chunks/dep-BK3b2jBa.js:49067:17
 ❯ loadAndTransform ../../node_modules/vite/dist/node/chunks/dep-BK3b2jBa.js:51918:44
 ❯ doTransform ../../node_modules/vite/dist/node/chunks/dep-BK3b2jBa.js:51874:18
 ❯ ViteNodeServer._transformRequest ../../node_modules/vite-node/dist/server.mjs:430:16
 ❯ ViteNodeServer._fetchModule ../../node_modules/vite-node/dist/server.mjs:391:17
 ❯ Proxy.fetch ../../node_modules/vitest/dist/vendor/cli-api.OdDWuB7Y.js:7937:22
 ❯ MessagePort.<anonymous> ../../node_modules/vitest/dist/vendor/index.8bPxjt7g.js:65:20


⎯⎯⎯⎯⎯⎯ Unhandled Error ⎯⎯⎯⎯⎯⎯⎯
TypeError: Cannot read properties of undefined (reading 'config')
 ❯ LoadPluginContext.handler node_modules/@sveltejs/vite-plugin-svelte/src/plugins/load-custom.js:24:37
 ❯ PluginContainer.load ../../node_modules/vite/dist/node/chunks/dep-BK3b2jBa.js:49067:17
 ❯ loadAndTransform ../../node_modules/vite/dist/node/chunks/dep-BK3b2jBa.js:51918:44
 ❯ doTransform ../../node_modules/vite/dist/node/chunks/dep-BK3b2jBa.js:51874:18
 ❯ ViteNodeServer._transformRequest ../../node_modules/vite-node/dist/server.mjs:430:16
 ❯ ViteNodeServer._fetchModule ../../node_modules/vite-node/dist/server.mjs:391:17
 ❯ Proxy.fetch ../../node_modules/vitest/dist/vendor/cli-api.OdDWuB7Y.js:7937:22
 ❯ MessagePort.<anonymous> ../../node_modules/vitest/dist/vendor/index.8bPxjt7g.js:65:20

⎯⎯⎯⎯⎯⎯⎯⎯⎯⎯⎯⎯⎯⎯⎯⎯⎯⎯⎯⎯⎯⎯⎯⎯⎯⎯⎯⎯⎯⎯

 Test Files  no tests
      Tests  no tests
     Errors  5 errors
   Start at  16:22:34
   Duration  508ms (transform 0ms, setup 0ms, collect 0ms, tests 0ms, environment 0ms, prepare 0ms)

npm error Lifecycle script `test` failed with error:
npm error code 1
npm error path /home/espen/proj/Codex-Arcana/apps/web
npm error workspace web@0.0.1
npm error location /home/espen/proj/Codex-Arcana/apps/web
npm error command failed
npm error command sh -c vitest run
